// Jest Snapshot v1, https://goo.gl/fbAQLP

exports[`ServerStats Should render table with stats 1`] = `
<div
  className="page-scrollbar-wrapper"
>
  <div
    className="custom-scrollbar custom-scrollbar--page"
    style={
      Object {
        "height": "auto",
        "maxHeight": "100%",
        "minHeight": "100%",
        "overflow": "hidden",
        "position": "relative",
        "width": "100%",
      }
    }
  >
    <div
      className="view"
      style={
        Object {
          "WebkitOverflowScrolling": "touch",
          "bottom": undefined,
          "left": undefined,
          "marginBottom": 0,
          "marginRight": 0,
          "maxHeight": "calc(100% + 0px)",
          "minHeight": "calc(100% + 0px)",
          "overflow": "scroll",
          "position": "relative",
          "right": undefined,
          "top": undefined,
        }
      }
    >
      <div
        className="page-scrollbar-content"
      >
        <div
          className="page-header-canvas"
        >
          <div
            className="page-container"
          >
            <div
              className="page-header"
            >
              <div
                className="page-header__inner"
              >
                <span
                  className="page-header__logo"
                >
                  <i
                    className="fa fa-fw fa-warning css-1lgsh82"
                  />
                </span>
                <div
                  className="page-header__info-block"
                >
                  <h1
                    className="page-header__title"
                  >
                    Admin
                  </h1>
                  <div
                    className="page-header__sub-title"
                  >
                    subTitle
                  </div>
                </div>
              </div>
              <nav>
                <div
                  className="gf-form-select-wrapper width-20 page-header__select-nav"
                >
                  <label
                    className="gf-form-select-icon icon"
                    htmlFor="page-header-select-nav"
                  />
                  <select
                    className="gf-select-nav gf-form-input"
                    id="page-header-select-nav"
                    onChange={[Function]}
                    value="Admin"
                  >
                    <option
                      value="Admin"
                    >
                      Admin
                    </option>
                  </select>
                </div>
                <div
                  className="page-header__tabs"
                >
                  <ul
                    className="css-payll4"
                  >
                    <li
                      className="css-vohy86"
                      onClick={[Function]}
                    >
                      <div />
                      Admin
                    </li>
                  </ul>
                </div>
              </nav>
            </div>
          </div>
        </div>
        <div
          className="page-container page-body"
        >
          <table
            className="filter-table form-inline"
          >
            <thead>
              <tr>
                <th>
                  Name
                </th>
                <th>
                  Value
                </th>
              </tr>
            </thead>
            <tbody>
              <tr>
                <td>
                  Total dashboards
                </td>
                <td>
                  10
                </td>
              </tr>
              <tr>
                <td>
                  Total Users
                </td>
                <td>
                  1
                </td>
              </tr>
            </tbody>
          </table>
        </div>
        <footer
          className="footer"
        >
          <div
            className="text-center"
          >
            <ul>
              <li>
                <a
                  href="https://grafana.com/docs/grafana/latest/?utm_source=grafana_footer"
                  rel="noopener"
                  target="_blank"
                >
                  <div
                    className="css-z4i1sc"
                  >
                    <svg
                      className="css-pu0bzu"
                      fill="currentColor"
                      height={16}
                      viewBox="0 0 24 24"
                      width={16}
                      xmlns="http://www.w3.org/2000/svg"
                    >
                      <path
                        d="M12,14a1,1,0,0,0-1,1v2a1,1,0,0,0,2,0V15A1,1,0,0,0,12,14Zm.38-2.92A1,1,0,0,0,11.8,11l-.18.06-.18.09-.15.12A1,1,0,0,0,11,12a1,1,0,0,0,.29.71,1,1,0,0,0,.33.21A.84.84,0,0,0,12,13a1,1,0,0,0,.71-.29A1,1,0,0,0,13,12a1,1,0,0,0-.29-.71A1.15,1.15,0,0,0,12.38,11.08ZM20,8.94a1.31,1.31,0,0,0-.06-.27l0-.09a1.07,1.07,0,0,0-.19-.28h0l-6-6h0a1.07,1.07,0,0,0-.28-.19l-.1,0A1.1,1.1,0,0,0,13.06,2H7A3,3,0,0,0,4,5V19a3,3,0,0,0,3,3H17a3,3,0,0,0,3-3V9S20,9,20,8.94ZM14,5.41,16.59,8H15a1,1,0,0,1-1-1ZM18,19a1,1,0,0,1-1,1H7a1,1,0,0,1-1-1V5A1,1,0,0,1,7,4h5V7a3,3,0,0,0,3,3h3Z"
                      />
                    </svg>
                  </div>
                   
                  Documentation
                </a>
              </li>
              <li>
                <a
                  href="https://grafana.com/products/enterprise/?utm_source=grafana_footer"
                  rel="noopener"
                  target="_blank"
                >
                  <div
                    className="css-z4i1sc"
                  >
                    <svg
                      className="css-pu0bzu"
                      fill="currentColor"
                      height={16}
                      viewBox="0 0 24 24"
                      width={16}
                      xmlns="http://www.w3.org/2000/svg"
                    >
                      <path
                        d="M11.29,15.29a1.58,1.58,0,0,0-.12.15.76.76,0,0,0-.09.18.64.64,0,0,0-.06.18,1.36,1.36,0,0,0,0,.2.84.84,0,0,0,.08.38.9.9,0,0,0,.54.54.94.94,0,0,0,.76,0,.9.9,0,0,0,.54-.54A1,1,0,0,0,13,16a1,1,0,0,0-.29-.71A1,1,0,0,0,11.29,15.29ZM12,2A10,10,0,1,0,22,12,10,10,0,0,0,12,2Zm0,18a8,8,0,1,1,8-8A8,8,0,0,1,12,20ZM12,7A3,3,0,0,0,9.4,8.5a1,1,0,1,0,1.73,1A1,1,0,0,1,12,9a1,1,0,0,1,0,2,1,1,0,0,0-1,1v1a1,1,0,0,0,2,0v-.18A3,3,0,0,0,12,7Z"
                      />
                    </svg>
                  </div>
                   
                  Support
                </a>
              </li>
              <li>
                <a
                  href="https://community.grafana.com/?utm_source=grafana_footer"
                  rel="noopener"
                  target="_blank"
                >
                  <div
                    className="css-z4i1sc"
                  >
                    <svg
                      className="css-pu0bzu"
                      fill="currentColor"
                      height={16}
                      viewBox="0 0 24 24"
                      width={16}
                      xmlns="http://www.w3.org/2000/svg"
                    >
                      <path
                        d="M19,8H18V5a3,3,0,0,0-3-3H5A3,3,0,0,0,2,5V17a1,1,0,0,0,.62.92A.84.84,0,0,0,3,18a1,1,0,0,0,.71-.29l2.81-2.82H8v1.44a3,3,0,0,0,3,3h6.92l2.37,2.38A1,1,0,0,0,21,22a.84.84,0,0,0,.38-.08A1,1,0,0,0,22,21V11A3,3,0,0,0,19,8ZM8,11v1.89H6.11a1,1,0,0,0-.71.29L4,14.59V5A1,1,0,0,1,5,4H15a1,1,0,0,1,1,1V8H11A3,3,0,0,0,8,11Zm12,7.59-1-1a1,1,0,0,0-.71-.3H11a1,1,0,0,1-1-1V11a1,1,0,0,1,1-1h8a1,1,0,0,1,1,1Z"
                      />
                    </svg>
                  </div>
                   
                  Community
                </a>
              </li>
              <li>
                <a
                  rel="noopener"
                >
                  <div />
                   
                  undefined
                </a>
              </li>
              <li>
                <a
                  rel="noopener"
                >
                  <div />
                   
                  vv1.0 (1)
                </a>
              </li>
            </ul>
          </div>
        </footer>
      </div>
    </div>
    <div
      className="track-horizontal"
      style={
        Object {
          "display": "none",
          "height": 6,
          "position": "absolute",
        }
      }
    >
      <div
        className="thumb-horizontal"
        style={
          Object {
            "display": "block",
            "height": "100%",
            "position": "relative",
          }
        }
      />
    </div>
    <div
      className="track-vertical"
      style={
        Object {
          "display": "none",
          "position": "absolute",
          "width": 6,
        }
      }
    >
      <div
        className="thumb-vertical"
        style={
          Object {
            "display": "block",
            "position": "relative",
            "width": "100%",
          }
        }
      />
    </div>
  </div>
</div>
`;
